0 verbose cli C:\Program Files\nodejs\node.exe C:\Program Files\nodejs\node_modules\npm\bin\npm-cli.js
1 info using npm@10.9.2
2 info using node@v22.16.0
3 silly config load:file:C:\Program Files\nodejs\node_modules\npm\npmrc
4 silly config load:file:E:\XAMPP 8.2.12\htdocs\filioutama-nextjs\.npmrc
5 silly config load:file:C:\Users\LENOVO\.npmrc
6 silly config load:file:C:\Users\LENOVO\AppData\Roaming\npm\etc\npmrc
7 verbose title npm ls
8 verbose argv "ls" "--depth" "0"
9 verbose logfile logs-max:10 dir:E:\XAMPP 8.2.12\htdocs\filioutama-nextjs\.npm-cache\_logs\2026-09-26T12_29_36_725Z-
10 verbose logfile E:\XAMPP 8.2.12\htdocs\filioutama-nextjs\.npm-cache\_logs\2026-09-26T12_29_36_725Z-debug-0.log
11 silly logfile done cleaning log files
12 silly packumentCache heap:4345298944 maxSize:1086324736 maxEntrySize:543162368
13 verbose stack Error: extraneous: @emnapi/runtime@1.11.3 E:\XAMPP 8.2.12\htdocs\filioutama-nextjs\node_modules\@emnapi\runtime
13 verbose stack extraneous: @img/colour@1.1.0 E:\XAMPP 8.2.12\htdocs\filioutama-nextjs\node_modules\@img\colour
13 verbose stack extraneous: @img/sharp-darwin-arm64@ E:\XAMPP 8.2.12\htdocs\filioutama-nextjs\node_modules\@img\sharp-darwin-arm64
13 verbose stack extraneous: @img/sharp-darwin-x64@ E:\XAMPP 8.2.12\htdocs\filioutama-nextjs\node_modules\@img\sharp-darwin-x64
13 verbose stack extraneous: @img/sharp-freebsd-wasm32@ E:\XAMPP 8.2.12\htdocs\filioutama-nextjs\node_modules\@img\sharp-freebsd-wasm32
13 verbose stack extraneous: @img/sharp-libvips-darwin-arm64@ E:\XAMPP 8.2.12\htdocs\filioutama-nextjs\node_modules\@img\sharp-libvips-darwin-arm64
13 verbose stack extraneous: @img/sharp-libvips-darwin-x64@ E:\XAMPP 8.2.12\htdocs\filioutama-nextjs\node_modules\@img\sharp-libvips-darwin-x64
13 verbose stack extraneous: @img/sharp-libvips-linux-arm@ E:\XAMPP 8.2.12\htdocs\filioutama-nextjs\node_modules\@img\sharp-libvips-linux-arm
13 verbose stack extraneous: @img/sharp-libvips-linux-arm64@ E:\XAMPP 8.2.12\htdocs\filioutama-nextjs\node_modules\@img\sharp-libvips-linux-arm64
13 verbose stack extraneous: @img/sharp-libvips-linux-ppc64@ E:\XAMPP 8.2.12\htdocs\filioutama-nextjs\node_modules\@img\sharp-libvips-linux-ppc64
13 verbose stack extraneous: @img/sharp-libvips-linux-riscv64@ E:\XAMPP 8.2.12\htdocs\filioutama-nextjs\node_modules\@img\sharp-libvips-linux-riscv64
13 verbose stack extraneous: @img/sharp-libvips-linux-s390x@ E:\XAMPP 8.2.12\htdocs\filioutama-nextjs\node_modules\@img\sharp-libvips-linux-s390x
13 verbose stack extraneous: @img/sharp-libvips-linux-x64@ E:\XAMPP 8.2.12\htdocs\filioutama-nextjs\node_modules\@img\sharp-libvips-linux-x64
13 verbose stack extraneous: @img/sharp-libvips-linuxmusl-arm64@ E:\XAMPP 8.2.12\htdocs\filioutama-nextjs\node_modules\@img\sharp-libvips-linuxmusl-arm64
13 verbose stack extraneous: @img/sharp-libvips-linuxmusl-x64@ E:\XAMPP 8.2.12\htdocs\filioutama-nextjs\node_modules\@img\sharp-libvips-linuxmusl-x64
13 verbose stack extraneous: @img/sharp-linux-arm@ E:\XAMPP 8.2.12\htdocs\filioutama-nextjs\node_modules\@img\sharp-linux-arm
13 verbose stack extraneous: @img/sharp-linux-arm64@ E:\XAMPP 8.2.12\htdocs\filioutama-nextjs\node_modules\@img\sharp-linux-arm64
13 verbose stack extraneous: @img/sharp-linux-ppc64@ E:\XAMPP 8.2.12\htdocs\filioutama-nextjs\node_modules\@img\sharp-linux-ppc64
13 verbose stack extraneous: @img/sharp-linux-riscv64@ E:\XAMPP 8.2.12\htdocs\filioutama-nextjs\node_modules\@img\sharp-linux-riscv64
13 verbose stack extraneous: @img/sharp-linux-s390x@ E:\XAMPP 8.2.12\htdocs\filioutama-nextjs\node_modules\@img\sharp-linux-s390x
13 verbose stack extraneous: @img/sharp-linux-x64@ E:\XAMPP 8.2.12\htdocs\filioutama-nextjs\node_modules\@img\sharp-linux-x64
13 verbose stack extraneous: @img/sharp-linuxmusl-arm64@ E:\XAMPP 8.2.12\htdocs\filioutama-nextjs\node_modules\@img\sharp-linuxmusl-arm64
13 verbose stack extraneous: @img/sharp-linuxmusl-x64@ E:\XAMPP 8.2.12\htdocs\filioutama-nextjs\node_modules\@img\sharp-linuxmusl-x64
13 verbose stack extraneous: @img/sharp-wasm32@0.35.4 E:\XAMPP 8.2.12\htdocs\filioutama-nextjs\node_modules\@img\sharp-wasm32
13 verbose stack extraneous: @img/sharp-webcontainers-wasm32@ E:\XAMPP 8.2.12\htdocs\filioutama-nextjs\node_modules\@img\sharp-webcontainers-wasm32
13 verbose stack extraneous: @img/sharp-win32-arm64@ E:\XAMPP 8.2.12\htdocs\filioutama-nextjs\node_modules\@img\sharp-win32-arm64
13 verbose stack extraneous: @img/sharp-win32-ia32@ E:\XAMPP 8.2.12\htdocs\filioutama-nextjs\node_modules\@img\sharp-win32-ia32
13 verbose stack extraneous: @img/sharp-win32-x64@ E:\XAMPP 8.2.12\htdocs\filioutama-nextjs\node_modules\@img\sharp-win32-x64
13 verbose stack extraneous: @next/env@15.5.26 E:\XAMPP 8.2.12\htdocs\filioutama-nextjs\node_modules\@next\env
13 verbose stack extraneous: @next/swc-darwin-arm64@ E:\XAMPP 8.2.12\htdocs\filioutama-nextjs\node_modules\@next\swc-darwin-arm64
13 verbose stack extraneous: @next/swc-darwin-x64@ E:\XAMPP 8.2.12\htdocs\filioutama-nextjs\node_modules\@next\swc-darwin-x64
13 verbose stack extraneous: @next/swc-linux-arm64-gnu@ E:\XAMPP 8.2.12\htdocs\filioutama-nextjs\node_modules\@next\swc-linux-arm64-gnu
13 verbose stack extraneous: @next/swc-linux-arm64-musl@ E:\XAMPP 8.2.12\htdocs\filioutama-nextjs\node_modules\@next\swc-linux-arm64-musl
13 verbose stack extraneous: @next/swc-linux-x64-gnu@ E:\XAMPP 8.2.12\htdocs\filioutama-nextjs\node_modules\@next\swc-linux-x64-gnu
13 verbose stack extraneous: @next/swc-linux-x64-musl@ E:\XAMPP 8.2.12\htdocs\filioutama-nextjs\node_modules\@next\swc-linux-x64-musl
13 verbose stack extraneous: @next/swc-win32-arm64-msvc@ E:\XAMPP 8.2.12\htdocs\filioutama-nextjs\node_modules\@next\swc-win32-arm64-msvc
13 verbose stack extraneous: @next/swc-win32-x64-msvc@15.5.26 E:\XAMPP 8.2.12\htdocs\filioutama-nextjs\node_modules\@next\swc-win32-x64-msvc
13 verbose stack extraneous: @swc/helpers@ E:\XAMPP 8.2.12\htdocs\filioutama-nextjs\node_modules\@swc\helpers
13 verbose stack extraneous: @types/node@26.6.3 E:\XAMPP 8.2.12\htdocs\filioutama-nextjs\node_modules\@types\node
13 verbose stack extraneous: aws-ssl-profiles@1.1.2 E:\XAMPP 8.2.12\htdocs\filioutama-nextjs\node_modules\aws-ssl-profiles
13 verbose stack extraneous: caniuse-lite@ E:\XAMPP 8.2.12\htdocs\filioutama-nextjs\node_modules\caniuse-lite
13 verbose stack extraneous: client-only@0.0.1 E:\XAMPP 8.2.12\htdocs\filioutama-nextjs\node_modules\client-only
13 verbose stack extraneous: detect-libc@2.1.2 E:\XAMPP 8.2.12\htdocs\filioutama-nextjs\node_modules\detect-libc
13 verbose stack extraneous: generate-function@2.3.1 E:\XAMPP 8.2.12\htdocs\filioutama-nextjs\node_modules\generate-function
13 verbose stack extraneous: iconv-lite@0.7.3 E:\XAMPP 8.2.12\htdocs\filioutama-nextjs\node_modules\iconv-lite
13 verbose stack extraneous: is-property@1.0.2 E:\XAMPP 8.2.12\htdocs\filioutama-nextjs\node_modules\is-property
13 verbose stack extraneous: long@5.3.2 E:\XAMPP 8.2.12\htdocs\filioutama-nextjs\node_modules\long
13 verbose stack extraneous: lru.min@1.1.5 E:\XAMPP 8.2.12\htdocs\filioutama-nextjs\node_modules\lru.min
13 verbose stack invalid: mysql2@ E:\XAMPP 8.2.12\htdocs\filioutama-nextjs\node_modules\mysql2
13 verbose stack extraneous: named-placeholders@1.1.6 E:\XAMPP 8.2.12\htdocs\filioutama-nextjs\node_modules\named-placeholders
13 verbose stack extraneous: nanoid@3.3.19 E:\XAMPP 8.2.12\htdocs\filioutama-nextjs\node_modules\nanoid
13 verbose stack invalid: next@ E:\XAMPP 8.2.12\htdocs\filioutama-nextjs\node_modules\next
13 verbose stack extraneous: picocolors@1.1.1 E:\XAMPP 8.2.12\htdocs\filioutama-nextjs\node_modules\picocolors
13 verbose stack extraneous: postcss@8.4.31 E:\XAMPP 8.2.12\htdocs\filioutama-nextjs\node_modules\postcss
13 verbose stack invalid: react-dom@ E:\XAMPP 8.2.12\htdocs\filioutama-nextjs\node_modules\react-dom
13 verbose stack extraneous: safer-buffer@2.1.2 E:\XAMPP 8.2.12\htdocs\filioutama-nextjs\node_modules\safer-buffer
13 verbose stack extraneous: scheduler@0.28.0 E:\XAMPP 8.2.12\htdocs\filioutama-nextjs\node_modules\scheduler
13 verbose stack extraneous: semver@7.8.5 E:\XAMPP 8.2.12\htdocs\filioutama-nextjs\node_modules\semver
13 verbose stack extraneous: sharp@0.35.4 E:\XAMPP 8.2.12\htdocs\filioutama-nextjs\node_modules\sharp
13 verbose stack extraneous: source-map-js@1.2.1 E:\XAMPP 8.2.12\htdocs\filioutama-nextjs\node_modules\source-map-js
13 verbose stack extraneous: sql-escaper@1.5.2 E:\XAMPP 8.2.12\htdocs\filioutama-nextjs\node_modules\sql-escaper
13 verbose stack extraneous: styled-jsx@5.1.6 E:\XAMPP 8.2.12\htdocs\filioutama-nextjs\node_modules\styled-jsx
13 verbose stack extraneous: tslib@2.8.1 E:\XAMPP 8.2.12\htdocs\filioutama-nextjs\node_modules\tslib
13 verbose stack extraneous: undici-types@8.9.0 E:\XAMPP 8.2.12\htdocs\filioutama-nextjs\node_modules\undici-types
13 verbose stack     at LS.exec (C:\Program Files\nodejs\node_modules\npm\lib\commands\ls.js:206:9)
13 verbose stack     at async Npm.exec (C:\Program Files\nodejs\node_modules\npm\lib\npm.js:207:9)
13 verbose stack     at async module.exports (C:\Program Files\nodejs\node_modules\npm\lib\cli\entry.js:74:5)
14 error code ELSPROBLEMS
15 error extraneous: @emnapi/runtime@1.11.3 E:\XAMPP 8.2.12\htdocs\filioutama-nextjs\node_modules\@emnapi\runtime
15 error extraneous: @img/colour@1.1.0 E:\XAMPP 8.2.12\htdocs\filioutama-nextjs\node_modules\@img\colour
15 error extraneous: @img/sharp-darwin-arm64@ E:\XAMPP 8.2.12\htdocs\filioutama-nextjs\node_modules\@img\sharp-darwin-arm64
15 error extraneous: @img/sharp-darwin-x64@ E:\XAMPP 8.2.12\htdocs\filioutama-nextjs\node_modules\@img\sharp-darwin-x64
15 error extraneous: @img/sharp-freebsd-wasm32@ E:\XAMPP 8.2.12\htdocs\filioutama-nextjs\node_modules\@img\sharp-freebsd-wasm32
15 error extraneous: @img/sharp-libvips-darwin-arm64@ E:\XAMPP 8.2.12\htdocs\filioutama-nextjs\node_modules\@img\sharp-libvips-darwin-arm64
15 error extraneous: @img/sharp-libvips-darwin-x64@ E:\XAMPP 8.2.12\htdocs\filioutama-nextjs\node_modules\@img\sharp-libvips-darwin-x64
15 error extraneous: @img/sharp-libvips-linux-arm@ E:\XAMPP 8.2.12\htdocs\filioutama-nextjs\node_modules\@img\sharp-libvips-linux-arm
15 error extraneous: @img/sharp-libvips-linux-arm64@ E:\XAMPP 8.2.12\htdocs\filioutama-nextjs\node_modules\@img\sharp-libvips-linux-arm64
15 error extraneous: @img/sharp-libvips-linux-ppc64@ E:\XAMPP 8.2.12\htdocs\filioutama-nextjs\node_modules\@img\sharp-libvips-linux-ppc64
15 error extraneous: @img/sharp-libvips-linux-riscv64@ E:\XAMPP 8.2.12\htdocs\filioutama-nextjs\node_modules\@img\sharp-libvips-linux-riscv64
15 error extraneous: @img/sharp-libvips-linux-s390x@ E:\XAMPP 8.2.12\htdocs\filioutama-nextjs\node_modules\@img\sharp-libvips-linux-s390x
15 error extraneous: @img/sharp-libvips-linux-x64@ E:\XAMPP 8.2.12\htdocs\filioutama-nextjs\node_modules\@img\sharp-libvips-linux-x64
15 error extraneous: @img/sharp-libvips-linuxmusl-arm64@ E:\XAMPP 8.2.12\htdocs\filioutama-nextjs\node_modules\@img\sharp-libvips-linuxmusl-arm64
15 error extraneous: @img/sharp-libvips-linuxmusl-x64@ E:\XAMPP 8.2.12\htdocs\filioutama-nextjs\node_modules\@img\sharp-libvips-linuxmusl-x64
15 error extraneous: @img/sharp-linux-arm@ E:\XAMPP 8.2.12\htdocs\filioutama-nextjs\node_modules\@img\sharp-linux-arm
15 error extraneous: @img/sharp-linux-arm64@ E:\XAMPP 8.2.12\htdocs\filioutama-nextjs\node_modules\@img\sharp-linux-arm64
15 error extraneous: @img/sharp-linux-ppc64@ E:\XAMPP 8.2.12\htdocs\filioutama-nextjs\node_modules\@img\sharp-linux-ppc64
15 error extraneous: @img/sharp-linux-riscv64@ E:\XAMPP 8.2.12\htdocs\filioutama-nextjs\node_modules\@img\sharp-linux-riscv64
15 error extraneous: @img/sharp-linux-s390x@ E:\XAMPP 8.2.12\htdocs\filioutama-nextjs\node_modules\@img\sharp-linux-s390x
15 error extraneous: @img/sharp-linux-x64@ E:\XAMPP 8.2.12\htdocs\filioutama-nextjs\node_modules\@img\sharp-linux-x64
15 error extraneous: @img/sharp-linuxmusl-arm64@ E:\XAMPP 8.2.12\htdocs\filioutama-nextjs\node_modules\@img\sharp-linuxmusl-arm64
15 error extraneous: @img/sharp-linuxmusl-x64@ E:\XAMPP 8.2.12\htdocs\filioutama-nextjs\node_modules\@img\sharp-linuxmusl-x64
15 error extraneous: @img/sharp-wasm32@0.35.4 E:\XAMPP 8.2.12\htdocs\filioutama-nextjs\node_modules\@img\sharp-wasm32
15 error extraneous: @img/sharp-webcontainers-wasm32@ E:\XAMPP 8.2.12\htdocs\filioutama-nextjs\node_modules\@img\sharp-webcontainers-wasm32
15 error extraneous: @img/sharp-win32-arm64@ E:\XAMPP 8.2.12\htdocs\filioutama-nextjs\node_modules\@img\sharp-win32-arm64
15 error extraneous: @img/sharp-win32-ia32@ E:\XAMPP 8.2.12\htdocs\filioutama-nextjs\node_modules\@img\sharp-win32-ia32
15 error extraneous: @img/sharp-win32-x64@ E:\XAMPP 8.2.12\htdocs\filioutama-nextjs\node_modules\@img\sharp-win32-x64
15 error extraneous: @next/env@15.5.26 E:\XAMPP 8.2.12\htdocs\filioutama-nextjs\node_modules\@next\env
15 error extraneous: @next/swc-darwin-arm64@ E:\XAMPP 8.2.12\htdocs\filioutama-nextjs\node_modules\@next\swc-darwin-arm64
15 error extraneous: @next/swc-darwin-x64@ E:\XAMPP 8.2.12\htdocs\filioutama-nextjs\node_modules\@next\swc-darwin-x64
15 error extraneous: @next/swc-linux-arm64-gnu@ E:\XAMPP 8.2.12\htdocs\filioutama-nextjs\node_modules\@next\swc-linux-arm64-gnu
15 error extraneous: @next/swc-linux-arm64-musl@ E:\XAMPP 8.2.12\htdocs\filioutama-nextjs\node_modules\@next\swc-linux-arm64-musl
15 error extraneous: @next/swc-linux-x64-gnu@ E:\XAMPP 8.2.12\htdocs\filioutama-nextjs\node_modules\@next\swc-linux-x64-gnu
15 error extraneous: @next/swc-linux-x64-musl@ E:\XAMPP 8.2.12\htdocs\filioutama-nextjs\node_modules\@next\swc-linux-x64-musl
15 error extraneous: @next/swc-win32-arm64-msvc@ E:\XAMPP 8.2.12\htdocs\filioutama-nextjs\node_modules\@next\swc-win32-arm64-msvc
15 error extraneous: @next/swc-win32-x64-msvc@15.5.26 E:\XAMPP 8.2.12\htdocs\filioutama-nextjs\node_modules\@next\swc-win32-x64-msvc
15 error extraneous: @swc/helpers@ E:\XAMPP 8.2.12\htdocs\filioutama-nextjs\node_modules\@swc\helpers
15 error extraneous: @types/node@26.6.3 E:\XAMPP 8.2.12\htdocs\filioutama-nextjs\node_modules\@types\node
15 error extraneous: aws-ssl-profiles@1.1.2 E:\XAMPP 8.2.12\htdocs\filioutama-nextjs\node_modules\aws-ssl-profiles
15 error extraneous: caniuse-lite@ E:\XAMPP 8.2.12\htdocs\filioutama-nextjs\node_modules\caniuse-lite
15 error extraneous: client-only@0.0.1 E:\XAMPP 8.2.12\htdocs\filioutama-nextjs\node_modules\client-only
15 error extraneous: detect-libc@2.1.2 E:\XAMPP 8.2.12\htdocs\filioutama-nextjs\node_modules\detect-libc
15 error extraneous: generate-function@2.3.1 E:\XAMPP 8.2.12\htdocs\filioutama-nextjs\node_modules\generate-function
15 error extraneous: iconv-lite@0.7.3 E:\XAMPP 8.2.12\htdocs\filioutama-nextjs\node_modules\iconv-lite
15 error extraneous: is-property@1.0.2 E:\XAMPP 8.2.12\htdocs\filioutama-nextjs\node_modules\is-property
15 error extraneous: long@5.3.2 E:\XAMPP 8.2.12\htdocs\filioutama-nextjs\node_modules\long
15 error extraneous: lru.min@1.1.5 E:\XAMPP 8.2.12\htdocs\filioutama-nextjs\node_modules\lru.min
15 error invalid: mysql2@ E:\XAMPP 8.2.12\htdocs\filioutama-nextjs\node_modules\mysql2
15 error extraneous: named-placeholders@1.1.6 E:\XAMPP 8.2.12\htdocs\filioutama-nextjs\node_modules\named-placeholders
15 error extraneous: nanoid@3.3.19 E:\XAMPP 8.2.12\htdocs\filioutama-nextjs\node_modules\nanoid
15 error invalid: next@ E:\XAMPP 8.2.12\htdocs\filioutama-nextjs\node_modules\next
15 error extraneous: picocolors@1.1.1 E:\XAMPP 8.2.12\htdocs\filioutama-nextjs\node_modules\picocolors
15 error extraneous: postcss@8.4.31 E:\XAMPP 8.2.12\htdocs\filioutama-nextjs\node_modules\postcss
15 error invalid: react-dom@ E:\XAMPP 8.2.12\htdocs\filioutama-nextjs\node_modules\react-dom
15 error extraneous: safer-buffer@2.1.2 E:\XAMPP 8.2.12\htdocs\filioutama-nextjs\node_modules\safer-buffer
15 error extraneous: scheduler@0.28.0 E:\XAMPP 8.2.12\htdocs\filioutama-nextjs\node_modules\scheduler
15 error extraneous: semver@7.8.5 E:\XAMPP 8.2.12\htdocs\filioutama-nextjs\node_modules\semver
15 error extraneous: sharp@0.35.4 E:\XAMPP 8.2.12\htdocs\filioutama-nextjs\node_modules\sharp
15 error extraneous: source-map-js@1.2.1 E:\XAMPP 8.2.12\htdocs\filioutama-nextjs\node_modules\source-map-js
15 error extraneous: sql-escaper@1.5.2 E:\XAMPP 8.2.12\htdocs\filioutama-nextjs\node_modules\sql-escaper
15 error extraneous: styled-jsx@5.1.6 E:\XAMPP 8.2.12\htdocs\filioutama-nextjs\node_modules\styled-jsx
15 error extraneous: tslib@2.8.1 E:\XAMPP 8.2.12\htdocs\filioutama-nextjs\node_modules\tslib
15 error extraneous: undici-types@8.9.0 E:\XAMPP 8.2.12\htdocs\filioutama-nextjs\node_modules\undici-types
16 verbose cwd E:\XAMPP 8.2.12\htdocs\filioutama-nextjs
17 verbose os Windows_NT 10.0.26200
18 verbose node v22.16.0
19 verbose npm  v10.9.2
20 verbose exit 1
21 verbose code 1
22 error A complete log of this run can be found in: E:\XAMPP 8.2.12\htdocs\filioutama-nextjs\.npm-cache\_logs\2026-09-26T12_29_36_725Z-debug-0.log
