0 verbose cli C:\Program Files\nodejs\node.exe C:\Program Files\nodejs\node_modules\npm\bin\npm-cli.js
1 info using npm@10.9.2
2 info using node@v22.16.0
3 silly config load:file:C:\Program Files\nodejs\node_modules\npm\npmrc
4 silly config load:file:E:\XAMPP 8.2.12\htdocs\filioutama-nextjs\.npmrc
5 silly config load:file:C:\Users\LENOVO\.npmrc
6 silly config load:file:C:\Users\LENOVO\AppData\Roaming\npm\etc\npmrc
7 verbose title npm install
8 verbose argv "install" "--no-audit" "--no-fund"
9 verbose logfile logs-max:10 dir:E:\XAMPP 8.2.12\htdocs\filioutama-nextjs\.npm-cache\_logs\2026-09-26T12_29_50_800Z-
10 verbose logfile E:\XAMPP 8.2.12\htdocs\filioutama-nextjs\.npm-cache\_logs\2026-09-26T12_29_50_800Z-debug-0.log
11 silly logfile done cleaning log files
12 silly packumentCache heap:4345298944 maxSize:1086324736 maxEntrySize:543162368
13 silly idealTree buildDeps
14 silly fetch manifest next@^15.5.3
15 silly packumentCache full:https://registry.npmjs.org/next cache-miss
16 http cache https://registry.npmjs.org/next 1047ms (cache hit)
17 silly packumentCache full:https://registry.npmjs.org/next set size:31313650 disposed:false
18 silly fetch manifest @opentelemetry/api@^1.1.0
19 silly packumentCache full:https://registry.npmjs.org/@opentelemetry%2fapi cache-miss
20 http cache https://registry.npmjs.org/@opentelemetry%2fapi 282ms (cache hit)
21 silly packumentCache full:https://registry.npmjs.org/@opentelemetry%2fapi set size:272967 disposed:false
22 silly fetch manifest @playwright/test@^1.51.1
23 silly packumentCache full:https://registry.npmjs.org/@playwright%2ftest cache-miss
24 http cache https://registry.npmjs.org/@playwright%2ftest 112ms (cache hit)
25 silly packumentCache full:https://registry.npmjs.org/@playwright%2ftest set size:9561353 disposed:false
26 silly fetch manifest babel-plugin-react-compiler@*
27 silly packumentCache full:https://registry.npmjs.org/babel-plugin-react-compiler cache-miss
28 http cache https://registry.npmjs.org/babel-plugin-react-compiler 543ms (cache hit)
29 silly packumentCache full:https://registry.npmjs.org/babel-plugin-react-compiler set size:1356999 disposed:false
30 silly fetch manifest react@^19.1.1
31 silly packumentCache full:https://registry.npmjs.org/react cache-miss
32 http cache https://registry.npmjs.org/react 83ms (cache hit)
33 silly packumentCache full:https://registry.npmjs.org/react set size:7006748 disposed:false
34 silly fetch manifest react-dom@^19.1.1
35 silly packumentCache full:https://registry.npmjs.org/react-dom cache-miss
36 http cache https://registry.npmjs.org/react-dom 764ms (cache hit)
37 silly packumentCache full:https://registry.npmjs.org/react-dom set size:9440025 disposed:false
38 silly fetch manifest sass@^1.3.0
39 silly packumentCache full:https://registry.npmjs.org/sass cache-miss
40 http cache https://registry.npmjs.org/sass 690ms (cache hit)
41 silly packumentCache full:https://registry.npmjs.org/sass set size:754556 disposed:false
42 silly placeDep ROOT next@15.5.26 REPLACE for: filioutama-nextjs@0.1.0 want: ^15.5.3
43 silly placeDep ROOT react-dom@19.3.0 OK for: next@15.5.26 want: ^18.2.0 || 19.0.0-rc-de68d2f4-20241204 || ^19.0.0
44 silly fetch manifest @swc/helpers@0.5.15
45 silly packumentCache full:https://registry.npmjs.org/@swc%2fhelpers cache-miss
46 silly fetch manifest caniuse-lite@^1.0.30001579
47 silly packumentCache full:https://registry.npmjs.org/caniuse-lite cache-miss
48 silly fetch manifest @next/swc-darwin-x64@15.5.26
49 silly packumentCache full:https://registry.npmjs.org/@next%2fswc-darwin-x64 cache-miss
50 silly fetch manifest @next/swc-darwin-arm64@15.5.26
51 silly packumentCache full:https://registry.npmjs.org/@next%2fswc-darwin-arm64 cache-miss
52 silly fetch manifest @next/swc-linux-x64-gnu@15.5.26
53 silly packumentCache full:https://registry.npmjs.org/@next%2fswc-linux-x64-gnu cache-miss
54 silly fetch manifest @next/swc-linux-x64-musl@15.5.26
55 silly packumentCache full:https://registry.npmjs.org/@next%2fswc-linux-x64-musl cache-miss
56 silly fetch manifest @next/swc-linux-arm64-gnu@15.5.26
57 silly packumentCache full:https://registry.npmjs.org/@next%2fswc-linux-arm64-gnu cache-miss
58 http cache https://registry.npmjs.org/@swc%2fhelpers 4734ms (cache hit)
59 silly packumentCache full:https://registry.npmjs.org/@swc%2fhelpers set size:775458 disposed:false
60 silly fetch manifest @next/swc-linux-arm64-musl@15.5.26
61 silly packumentCache full:https://registry.npmjs.org/@next%2fswc-linux-arm64-musl cache-miss
62 http cache https://registry.npmjs.org/caniuse-lite 4746ms (cache hit)
63 silly packumentCache full:https://registry.npmjs.org/caniuse-lite set size:2315500 disposed:false
64 silly fetch manifest @next/swc-win32-arm64-msvc@15.5.26
65 silly packumentCache full:https://registry.npmjs.org/@next%2fswc-win32-arm64-msvc cache-miss
66 http cache https://registry.npmjs.org/@next%2fswc-darwin-arm64 4770ms (cache hit)
67 silly packumentCache full:https://registry.npmjs.org/@next%2fswc-darwin-arm64 set size:5669108 disposed:false
68 http cache https://registry.npmjs.org/@next%2fswc-darwin-x64 4818ms (cache hit)
69 silly packumentCache full:https://registry.npmjs.org/@next%2fswc-darwin-x64 set size:5608094 disposed:false
70 http cache https://registry.npmjs.org/@next%2fswc-linux-x64-musl 4896ms (cache hit)
71 silly packumentCache full:https://registry.npmjs.org/@next%2fswc-linux-x64-musl set size:5479160 disposed:false
72 http cache https://registry.npmjs.org/@next%2fswc-linux-x64-gnu 4971ms (cache hit)
73 silly packumentCache full:https://registry.npmjs.org/@next%2fswc-linux-x64-gnu set size:5723584 disposed:false
74 http cache https://registry.npmjs.org/@next%2fswc-linux-arm64-gnu 5022ms (cache hit)
75 silly packumentCache full:https://registry.npmjs.org/@next%2fswc-linux-arm64-gnu set size:5528874 disposed:false
76 http cache https://registry.npmjs.org/@next%2fswc-win32-arm64-msvc 1309ms (cache hit)
77 silly packumentCache full:https://registry.npmjs.org/@next%2fswc-win32-arm64-msvc set size:5509809 disposed:false
78 http cache https://registry.npmjs.org/@next%2fswc-linux-arm64-musl 1380ms (cache hit)
79 silly packumentCache full:https://registry.npmjs.org/@next%2fswc-linux-arm64-musl set size:5548729 disposed:false
80 silly placeDep ROOT @next/swc-darwin-arm64@15.5.26 OK for: next@15.5.26 want: 15.5.26
81 silly placeDep ROOT @next/swc-darwin-x64@15.5.26 OK for: next@15.5.26 want: 15.5.26
82 silly placeDep ROOT @next/swc-linux-arm64-gnu@15.5.26 OK for: next@15.5.26 want: 15.5.26
83 silly placeDep ROOT @next/swc-linux-arm64-musl@15.5.26 OK for: next@15.5.26 want: 15.5.26
84 silly placeDep ROOT @next/swc-linux-x64-gnu@15.5.26 OK for: next@15.5.26 want: 15.5.26
85 silly placeDep ROOT @next/swc-linux-x64-musl@15.5.26 OK for: next@15.5.26 want: 15.5.26
86 silly placeDep ROOT @next/swc-win32-arm64-msvc@15.5.26 OK for: next@15.5.26 want: 15.5.26
87 silly placeDep ROOT @swc/helpers@0.5.15 OK for: next@15.5.26 want: 0.5.15
88 silly placeDep ROOT caniuse-lite@1.0.30001812 OK for: next@15.5.26 want: ^1.0.30001579
89 silly reify mark retired [
89 silly reify   'E:\\XAMPP 8.2.12\\htdocs\\filioutama-nextjs\\node_modules\\caniuse-lite'
89 silly reify ]
90 silly reify mark retired [ 'E:\\XAMPP 8.2.12\\htdocs\\filioutama-nextjs\\node_modules\\next' ]
91 silly reify mark retired [
91 silly reify   'E:\\XAMPP 8.2.12\\htdocs\\filioutama-nextjs\\node_modules\\react-dom'
91 silly reify ]
92 silly reify mark retired [
92 silly reify   'E:\\XAMPP 8.2.12\\htdocs\\filioutama-nextjs\\node_modules\\@next\\swc-darwin-arm64'
92 silly reify ]
93 silly reify mark retired [
93 silly reify   'E:\\XAMPP 8.2.12\\htdocs\\filioutama-nextjs\\node_modules\\@next\\swc-darwin-x64'
93 silly reify ]
94 silly reify mark retired [
94 silly reify   'E:\\XAMPP 8.2.12\\htdocs\\filioutama-nextjs\\node_modules\\@next\\swc-linux-arm64-gnu'
94 silly reify ]
95 silly reify mark retired [
95 silly reify   'E:\\XAMPP 8.2.12\\htdocs\\filioutama-nextjs\\node_modules\\@next\\swc-linux-arm64-musl'
95 silly reify ]
96 silly reify mark retired [
96 silly reify   'E:\\XAMPP 8.2.12\\htdocs\\filioutama-nextjs\\node_modules\\@next\\swc-linux-x64-musl'
96 silly reify ]
97 silly reify mark retired [
97 silly reify   'E:\\XAMPP 8.2.12\\htdocs\\filioutama-nextjs\\node_modules\\@next\\swc-linux-x64-gnu'
97 silly reify ]
98 silly reify mark retired [
98 silly reify   'E:\\XAMPP 8.2.12\\htdocs\\filioutama-nextjs\\node_modules\\@next\\swc-win32-arm64-msvc'
98 silly reify ]
99 silly reify mark retired [
99 silly reify   'E:\\XAMPP 8.2.12\\htdocs\\filioutama-nextjs\\node_modules\\@swc\\helpers'
99 silly reify ]
100 silly reify mark retired [
100 silly reify   'E:\\XAMPP 8.2.12\\htdocs\\filioutama-nextjs\\node_modules\\nanoid',
100 silly reify   'E:\\XAMPP 8.2.12\\htdocs\\filioutama-nextjs\\node_modules\\.bin\\nanoid',
100 silly reify   'E:\\XAMPP 8.2.12\\htdocs\\filioutama-nextjs\\node_modules\\.bin\\nanoid.cmd',
100 silly reify   'E:\\XAMPP 8.2.12\\htdocs\\filioutama-nextjs\\node_modules\\.bin\\nanoid.ps1'
100 silly reify ]
101 silly reify mark retired [
101 silly reify   'E:\\XAMPP 8.2.12\\htdocs\\filioutama-nextjs\\node_modules\\semver',
101 silly reify   'E:\\XAMPP 8.2.12\\htdocs\\filioutama-nextjs\\node_modules\\.bin\\semver',
101 silly reify   'E:\\XAMPP 8.2.12\\htdocs\\filioutama-nextjs\\node_modules\\.bin\\semver.cmd',
101 silly reify   'E:\\XAMPP 8.2.12\\htdocs\\filioutama-nextjs\\node_modules\\.bin\\semver.ps1'
101 silly reify ]
102 silly reify mark retired [
102 silly reify   'E:\\XAMPP 8.2.12\\htdocs\\filioutama-nextjs\\node_modules\\@emnapi\\runtime'
102 silly reify ]
103 silly reify mark retired [
103 silly reify   'E:\\XAMPP 8.2.12\\htdocs\\filioutama-nextjs\\node_modules\\@img\\sharp-wasm32'
103 silly reify ]
104 silly reify moves {
104 silly reify   'E:\\XAMPP 8.2.12\\htdocs\\filioutama-nextjs\\node_modules\\caniuse-lite': 'E:\\XAMPP 8.2.12\\htdocs\\filioutama-nextjs\\node_modules\\.caniuse-lite-nXZ0pH7Q',
104 silly reify   'E:\\XAMPP 8.2.12\\htdocs\\filioutama-nextjs\\node_modules\\next': 'E:\\XAMPP 8.2.12\\htdocs\\filioutama-nextjs\\node_modules\\.next-v4klEXBb',
104 silly reify   'E:\\XAMPP 8.2.12\\htdocs\\filioutama-nextjs\\node_modules\\react-dom': 'E:\\XAMPP 8.2.12\\htdocs\\filioutama-nextjs\\node_modules\\.react-dom-bkWEntf7',
104 silly reify   'E:\\XAMPP 8.2.12\\htdocs\\filioutama-nextjs\\node_modules\\@next\\swc-darwin-arm64': 'E:\\XAMPP 8.2.12\\htdocs\\filioutama-nextjs\\node_modules\\@next\\.swc-darwin-arm64-xluP8aKy',
104 silly reify   'E:\\XAMPP 8.2.12\\htdocs\\filioutama-nextjs\\node_modules\\@next\\swc-darwin-x64': 'E:\\XAMPP 8.2.12\\htdocs\\filioutama-nextjs\\node_modules\\@next\\.swc-darwin-x64-VwISeXwj',
104 silly reify   'E:\\XAMPP 8.2.12\\htdocs\\filioutama-nextjs\\node_modules\\@next\\swc-linux-arm64-gnu': 'E:\\XAMPP 8.2.12\\htdocs\\filioutama-nextjs\\node_modules\\@next\\.swc-linux-arm64-gnu-eXlI8pXp',
104 silly reify   'E:\\XAMPP 8.2.12\\htdocs\\filioutama-nextjs\\node_modules\\@next\\swc-linux-arm64-musl': 'E:\\XAMPP 8.2.12\\htdocs\\filioutama-nextjs\\node_modules\\@next\\.swc-linux-arm64-musl-HjvUPowq',
104 silly reify   'E:\\XAMPP 8.2.12\\htdocs\\filioutama-nextjs\\node_modules\\@next\\swc-linux-x64-musl': 'E:\\XAMPP 8.2.12\\htdocs\\filioutama-nextjs\\node_modules\\@next\\.swc-linux-x64-musl-GaktpFn0',
104 silly reify   'E:\\XAMPP 8.2.12\\htdocs\\filioutama-nextjs\\node_modules\\@next\\swc-linux-x64-gnu': 'E:\\XAMPP 8.2.12\\htdocs\\filioutama-nextjs\\node_modules\\@next\\.swc-linux-x64-gnu-34Nmlet1',
104 silly reify   'E:\\XAMPP 8.2.12\\htdocs\\filioutama-nextjs\\node_modules\\@next\\swc-win32-arm64-msvc': 'E:\\XAMPP 8.2.12\\htdocs\\filioutama-nextjs\\node_modules\\@next\\.swc-win32-arm64-msvc-1nJKX0x6',
104 silly reify   'E:\\XAMPP 8.2.12\\htdocs\\filioutama-nextjs\\node_modules\\@swc\\helpers': 'E:\\XAMPP 8.2.12\\htdocs\\filioutama-nextjs\\node_modules\\@swc\\.helpers-YiwbTBWm',
104 silly reify   'E:\\XAMPP 8.2.12\\htdocs\\filioutama-nextjs\\node_modules\\nanoid': 'E:\\XAMPP 8.2.12\\htdocs\\filioutama-nextjs\\node_modules\\.nanoid-ubOhGVmf',
104 silly reify   'E:\\XAMPP 8.2.12\\htdocs\\filioutama-nextjs\\node_modules\\.bin\\nanoid': 'E:\\XAMPP 8.2.12\\htdocs\\filioutama-nextjs\\node_modules\\.bin\\.nanoid-Ucf1bZZa',
104 silly reify   'E:\\XAMPP 8.2.12\\htdocs\\filioutama-nextjs\\node_modules\\.bin\\nanoid.cmd': 'E:\\XAMPP 8.2.12\\htdocs\\filioutama-nextjs\\node_modules\\.bin\\.nanoid.cmd-slQaPPXz',
104 silly reify   'E:\\XAMPP 8.2.12\\htdocs\\filioutama-nextjs\\node_modules\\.bin\\nanoid.ps1': 'E:\\XAMPP 8.2.12\\htdocs\\filioutama-nextjs\\node_modules\\.bin\\.nanoid.ps1-jb8dNrJk',
104 silly reify   'E:\\XAMPP 8.2.12\\htdocs\\filioutama-nextjs\\node_modules\\semver': 'E:\\XAMPP 8.2.12\\htdocs\\filioutama-nextjs\\node_modules\\.semver-a95f9511',
104 silly reify   'E:\\XAMPP 8.2.12\\htdocs\\filioutama-nextjs\\node_modules\\.bin\\semver': 'E:\\XAMPP 8.2.12\\htdocs\\filioutama-nextjs\\node_modules\\.bin\\.semver-J9jum6DX',
104 silly reify   'E:\\XAMPP 8.2.12\\htdocs\\filioutama-nextjs\\node_modules\\.bin\\semver.cmd': 'E:\\XAMPP 8.2.12\\htdocs\\filioutama-nextjs\\node_modules\\.bin\\.semver.cmd-p4enzkNH',
104 silly reify   'E:\\XAMPP 8.2.12\\htdocs\\filioutama-nextjs\\node_modules\\.bin\\semver.ps1': 'E:\\XAMPP 8.2.12\\htdocs\\filioutama-nextjs\\node_modules\\.bin\\.semver.ps1-oxKZjJpp',
104 silly reify   'E:\\XAMPP 8.2.12\\htdocs\\filioutama-nextjs\\node_modules\\@emnapi\\runtime': 'E:\\XAMPP 8.2.12\\htdocs\\filioutama-nextjs\\node_modules\\@emnapi\\.runtime-26r1yCAZ',
104 silly reify   'E:\\XAMPP 8.2.12\\htdocs\\filioutama-nextjs\\node_modules\\@img\\sharp-wasm32': 'E:\\XAMPP 8.2.12\\htdocs\\filioutama-nextjs\\node_modules\\@img\\.sharp-wasm32-vSPpqF8V'
104 silly reify }
105 verbose reify failed optional dependency E:\XAMPP 8.2.12\htdocs\filioutama-nextjs\node_modules\@next\swc-win32-arm64-msvc
106 silly reify mark deleted [
106 silly reify   'E:\\XAMPP 8.2.12\\htdocs\\filioutama-nextjs\\node_modules\\@next\\swc-win32-arm64-msvc'
106 silly reify ]
107 verbose reify failed optional dependency E:\XAMPP 8.2.12\htdocs\filioutama-nextjs\node_modules\@next\swc-linux-x64-gnu
108 silly reify mark deleted [
108 silly reify   'E:\\XAMPP 8.2.12\\htdocs\\filioutama-nextjs\\node_modules\\@next\\swc-linux-x64-gnu'
108 silly reify ]
109 verbose reify failed optional dependency E:\XAMPP 8.2.12\htdocs\filioutama-nextjs\node_modules\@next\swc-linux-x64-musl
110 silly reify mark deleted [
110 silly reify   'E:\\XAMPP 8.2.12\\htdocs\\filioutama-nextjs\\node_modules\\@next\\swc-linux-x64-musl'
110 silly reify ]
111 verbose reify failed optional dependency E:\XAMPP 8.2.12\htdocs\filioutama-nextjs\node_modules\@next\swc-linux-arm64-musl
112 silly reify mark deleted [
112 silly reify   'E:\\XAMPP 8.2.12\\htdocs\\filioutama-nextjs\\node_modules\\@next\\swc-linux-arm64-musl'
112 silly reify ]
113 verbose reify failed optional dependency E:\XAMPP 8.2.12\htdocs\filioutama-nextjs\node_modules\@next\swc-linux-arm64-gnu
114 silly reify mark deleted [
114 silly reify   'E:\\XAMPP 8.2.12\\htdocs\\filioutama-nextjs\\node_modules\\@next\\swc-linux-arm64-gnu'
114 silly reify ]
115 verbose reify failed optional dependency E:\XAMPP 8.2.12\htdocs\filioutama-nextjs\node_modules\@next\swc-darwin-x64
116 silly reify mark deleted [
116 silly reify   'E:\\XAMPP 8.2.12\\htdocs\\filioutama-nextjs\\node_modules\\@next\\swc-darwin-x64'
116 silly reify ]
117 verbose reify failed optional dependency E:\XAMPP 8.2.12\htdocs\filioutama-nextjs\node_modules\@next\swc-darwin-arm64
118 silly reify mark deleted [
118 silly reify   'E:\\XAMPP 8.2.12\\htdocs\\filioutama-nextjs\\node_modules\\@next\\swc-darwin-arm64'
118 silly reify ]
119 silly packumentCache corgi:https://registry.npmjs.org/semver cache-miss
120 http cache @swc/helpers@https://registry.npmjs.org/@swc/helpers/-/helpers-0.5.15.tgz 0ms (cache hit)
121 silly packumentCache corgi:https://registry.npmjs.org/nanoid cache-miss
122 http cache react-dom@https://registry.npmjs.org/react-dom/-/react-dom-19.3.0.tgz 0ms (cache hit)
123 http cache caniuse-lite@https://registry.npmjs.org/caniuse-lite/-/caniuse-lite-1.0.30001812.tgz 0ms (cache hit)
124 http fetch GET 200 https://registry.npmjs.org/semver 420ms (cache miss)
125 silly packumentCache corgi:https://registry.npmjs.org/semver set size:undefined disposed:false
126 http fetch GET 200 https://registry.npmjs.org/nanoid 450ms (cache miss)
127 silly packumentCache corgi:https://registry.npmjs.org/nanoid set size:undefined disposed:false
128 http cache https://registry.npmjs.org/semver/-/semver-7.8.5.tgz 143ms (cache hit)
129 http cache https://registry.npmjs.org/nanoid/-/nanoid-3.3.19.tgz 311ms (cache hit)
130 warn cleanup Failed to remove some directories [
130 warn cleanup   [
130 warn cleanup     '\\\\?\\E:\\XAMPP 8.2.12\\htdocs\\filioutama-nextjs\\node_modules\\next',
130 warn cleanup     [Error: ENOTEMPTY: directory not empty, rmdir 'E:\XAMPP 8.2.12\htdocs\filioutama-nextjs\node_modules\next\dist\experimental'] {
130 warn cleanup       errno: -4051,
130 warn cleanup       code: 'ENOTEMPTY',
130 warn cleanup       syscall: 'rmdir',
130 warn cleanup       path: 'E:\\XAMPP 8.2.12\\htdocs\\filioutama-nextjs\\node_modules\\next\\dist\\experimental'
130 warn cleanup     }
130 warn cleanup   ],
130 warn cleanup   [
130 warn cleanup     'E:\\XAMPP 8.2.12\\htdocs\\filioutama-nextjs\\node_modules\\next',
130 warn cleanup     [Error: ENOTEMPTY: directory not empty, rmdir 'E:\XAMPP 8.2.12\htdocs\filioutama-nextjs\node_modules\next\dist\experimental'] {
130 warn cleanup       errno: -4051,
130 warn cleanup       code: 'ENOTEMPTY',
130 warn cleanup       syscall: 'rmdir',
130 warn cleanup       path: 'E:\\XAMPP 8.2.12\\htdocs\\filioutama-nextjs\\node_modules\\next\\dist\\experimental'
130 warn cleanup     }
130 warn cleanup   ]
130 warn cleanup ]
131 verbose stack Error: ENOTEMPTY: directory not empty, rmdir 'E:\XAMPP 8.2.12\htdocs\filioutama-nextjs\node_modules\next\dist\compiled'
132 error code ENOTEMPTY
133 error syscall rmdir
134 error path E:\XAMPP 8.2.12\htdocs\filioutama-nextjs\node_modules\next\dist\compiled
135 error errno -4051
136 error ENOTEMPTY: directory not empty, rmdir 'E:\XAMPP 8.2.12\htdocs\filioutama-nextjs\node_modules\next\dist\compiled'
137 silly unfinished npm timer reify 1790425791908
138 silly unfinished npm timer reify:unpack 1790425810595
139 silly unfinished npm timer reifyNode:node_modules/next 1790425810596
140 verbose cwd E:\XAMPP 8.2.12\htdocs\filioutama-nextjs
141 verbose os Windows_NT 10.0.26200
142 verbose node v22.16.0
143 verbose npm  v10.9.2
144 verbose exit -4051
145 verbose code -4051
146 error A complete log of this run can be found in: E:\XAMPP 8.2.12\htdocs\filioutama-nextjs\.npm-cache\_logs\2026-09-26T12_29_50_800Z-debug-0.log
